---
http_interactions:
- request:
    method: put
    uri: https://some_bucket_name_not_a_release.s3.amazonaws.com/
    body:
      encoding: UTF-8
      string: ''
    headers:
      Content-Type:
      - ''
      Accept-Encoding:
      - ''
      User-Agent:
      - aws-sdk-ruby3/3.44.1 ruby/2.6.5 x86_64-darwin19 aws-sdk-s3/1.30.0
      Host:
      - some_bucket_name_not_a_release.s3.amazonaws.com
      X-Amz-Date:
      - 20210716T165933Z
      X-Amz-Security-Token:
      - AWS_SESSION_TOKEN
      X-Amz-Content-Sha256:
      - e3b0c44298fc1c149afbf4c8996fb92427ae41e4649b934ca495991b7852b855
      Authorization:
      - AWS4-HMAC-SHA256 Credential=AWS_ACCESS_KEY_ID/20210716/us-east-1/s3/aws4_request,
        SignedHeaders=host;user-agent;x-amz-content-sha256;x-amz-date;x-amz-security-token,
        Signature=<SignatureValue>
      Content-Length:
      - '0'
      Accept:
      - "*/*"
  response:
    status:
      code: 200
      message: OK
    headers:
      X-Amz-Id-2:
      - hHFRaMvoVriN3q8/Cksxfk1lzghVADGrUkuOOdw9a7DYOfR3N4sYc2nJZM2H4kQl06bopTjWHIM=
      X-Amz-Request-Id:
      - 7N46DYZWEJWHXCKS
      Date:
      - Fri, 16 Jul 2021 16:59:34 GMT
      Location:
      - "/some_bucket_name_not_a_release"
      Server:
      - AmazonS3
      Content-Length:
      - '0'
    body:
      encoding: UTF-8
      string: ''
    http_version: 
  recorded_at: Fri, 16 Jul 2021 16:59:34 GMT
- request:
    method: put
    uri: https://some_bucket_name_not_a_release.s3.amazonaws.com/rex/releases/alpha/1/rex/giraffe.json
    body:
      encoding: UTF-8
      string: '{"books":{"uid1":{"defaultVersion":"1.2"},"uid2":{"defaultVersion":"1.1"}}}'
    headers:
      Content-Type:
      - ''
      Accept-Encoding:
      - ''
      User-Agent:
      - aws-sdk-ruby3/3.44.1 ruby/2.6.5 x86_64-darwin19 aws-sdk-s3/1.30.0
      Expect:
      - 100-continue
      Content-Md5:
      - SV0iHQHQlJla2U1fH9/WPA==
      Host:
      - some_bucket_name_not_a_release.s3.amazonaws.com
      X-Amz-Date:
      - 20210716T165934Z
      X-Amz-Security-Token:
      - AWS_SESSION_TOKEN
      X-Amz-Content-Sha256:
      - 26789e894fe9e1a2350bab23a6605e0225d7adf54e01a875eac8143b0b160ec7
      Authorization:
      - AWS4-HMAC-SHA256 Credential=AWS_ACCESS_KEY_ID/20210716/us-east-1/s3/aws4_request,
        SignedHeaders=content-md5;expect;host;user-agent;x-amz-content-sha256;x-amz-date;x-amz-security-token,
        Signature=<SignatureValue>
      Content-Length:
      - '75'
      Accept:
      - "*/*"
  response:
    status:
      code: 200
      message: OK
    headers:
      X-Amz-Id-2:
      - oexwYQ9I6n3mMrmPfkA7foUXQ5gHTHR0KNqA7KAT+4XEfNVVwoezEg8mo1cBg5sFdajhBqEGSU4=
      X-Amz-Request-Id:
      - C244PB0CWS2SQ7RP
      Date:
      - Fri, 16 Jul 2021 16:59:35 GMT
      Etag:
      - '"495d221d01d094995ad94d5f1fdfd63c"'
      Server:
      - AmazonS3
      Content-Length:
      - '0'
    body:
      encoding: UTF-8
      string: ''
    http_version: 
  recorded_at: Fri, 16 Jul 2021 16:59:34 GMT
- request:
    method: get
    uri: https://some_bucket_name_not_a_release.s3.amazonaws.com/?delimiter=/&encoding-type=url&prefix=rex/releases/
    body:
      encoding: UTF-8
      string: ''
    headers:
      Content-Type:
      - ''
      Accept-Encoding:
      - ''
      User-Agent:
      - aws-sdk-ruby3/3.44.1 ruby/2.6.5 x86_64-darwin19 aws-sdk-s3/1.30.0
      Host:
      - some_bucket_name_not_a_release.s3.amazonaws.com
      X-Amz-Date:
      - 20210716T165934Z
      X-Amz-Security-Token:
      - AWS_SESSION_TOKEN
      X-Amz-Content-Sha256:
      - e3b0c44298fc1c149afbf4c8996fb92427ae41e4649b934ca495991b7852b855
      Authorization:
      - AWS4-HMAC-SHA256 Credential=AWS_ACCESS_KEY_ID/20210716/us-east-1/s3/aws4_request,
        SignedHeaders=host;user-agent;x-amz-content-sha256;x-amz-date;x-amz-security-token,
        Signature=<SignatureValue>
      Content-Length:
      - '0'
      Accept:
      - "*/*"
  response:
    status:
      code: 200
      message: OK
    headers:
      X-Amz-Id-2:
      - SY5n0fpJm4RdJ6wNxHuSEKFsmZg+fLfC05gpL2piRq1wSYyNaYq5jDSql78OPexpXJSrsBI/hPg=
      X-Amz-Request-Id:
      - C24C04EFAMQ4A3ZP
      Date:
      - Fri, 16 Jul 2021 16:59:35 GMT
      X-Amz-Bucket-Region:
      - us-east-1
      Content-Type:
      - application/xml
      Transfer-Encoding:
      - chunked
      Server:
      - AmazonS3
    body:
      encoding: UTF-8
      string: |-
        <?xml version="1.0" encoding="UTF-8"?>
        <ListBucketResult xmlns="http://s3.amazonaws.com/doc/2006-03-01/"><Name>some_bucket_name_not_a_release</Name><Prefix>rex/releases/</Prefix><Marker></Marker><MaxKeys>1000</MaxKeys><Delimiter>/</Delimiter><EncodingType>url</EncodingType><IsTruncated>false</IsTruncated><CommonPrefixes><Prefix>rex/releases/alpha/</Prefix></CommonPrefixes></ListBucketResult>
    http_version: 
  recorded_at: Fri, 16 Jul 2021 16:59:34 GMT
- request:
    method: get
    uri: https://some_bucket_name_not_a_release.s3.amazonaws.com/rex/releases/alpha/rex/release.json
    body:
      encoding: UTF-8
      string: ''
    headers:
      Content-Type:
      - ''
      Accept-Encoding:
      - ''
      User-Agent:
      - aws-sdk-ruby3/3.44.1 ruby/2.6.5 x86_64-darwin19 aws-sdk-s3/1.30.0
      Host:
      - some_bucket_name_not_a_release.s3.amazonaws.com
      X-Amz-Date:
      - 20210716T165934Z
      X-Amz-Security-Token:
      - AWS_SESSION_TOKEN
      X-Amz-Content-Sha256:
      - e3b0c44298fc1c149afbf4c8996fb92427ae41e4649b934ca495991b7852b855
      Authorization:
      - AWS4-HMAC-SHA256 Credential=AWS_ACCESS_KEY_ID/20210716/us-east-1/s3/aws4_request,
        SignedHeaders=host;user-agent;x-amz-content-sha256;x-amz-date;x-amz-security-token,
        Signature=<SignatureValue>
      Content-Length:
      - '0'
      Accept:
      - "*/*"
  response:
    status:
      code: 404
      message: Not Found
    headers:
      X-Amz-Request-Id:
      - C241BBKS40QVCWDC
      X-Amz-Id-2:
      - MkNA46dcDCRLoAMo9gfM/Vh/6118yHKJMRwo+TvHNcPI1indyS8iigTg0LryZLX2rKOJ1SkoTfY=
      Content-Type:
      - application/xml
      Transfer-Encoding:
      - chunked
      Date:
      - Fri, 16 Jul 2021 16:59:34 GMT
      Server:
      - AmazonS3
    body:
      encoding: UTF-8
      string: |-
        <?xml version="1.0" encoding="UTF-8"?>
        <Error><Code>NoSuchKey</Code><Message>The specified key does not exist.</Message><Key>rex/releases/alpha/rex/release.json</Key><RequestId>C241BBKS40QVCWDC</RequestId><HostId>MkNA46dcDCRLoAMo9gfM/Vh/6118yHKJMRwo+TvHNcPI1indyS8iigTg0LryZLX2rKOJ1SkoTfY=</HostId></Error>
    http_version: 
  recorded_at: Fri, 16 Jul 2021 16:59:35 GMT
- request:
    method: get
    uri: https://some_bucket_name_not_a_release.s3.amazonaws.com/?delimiter=/&encoding-type=url&prefix=rex/releases/alpha/
    body:
      encoding: UTF-8
      string: ''
    headers:
      Content-Type:
      - ''
      Accept-Encoding:
      - ''
      User-Agent:
      - aws-sdk-ruby3/3.44.1 ruby/2.6.5 x86_64-darwin19 aws-sdk-s3/1.30.0
      Host:
      - some_bucket_name_not_a_release.s3.amazonaws.com
      X-Amz-Date:
      - 20210716T165935Z
      X-Amz-Security-Token:
      - AWS_SESSION_TOKEN
      X-Amz-Content-Sha256:
      - e3b0c44298fc1c149afbf4c8996fb92427ae41e4649b934ca495991b7852b855
      Authorization:
      - AWS4-HMAC-SHA256 Credential=AWS_ACCESS_KEY_ID/20210716/us-east-1/s3/aws4_request,
        SignedHeaders=host;user-agent;x-amz-content-sha256;x-amz-date;x-amz-security-token,
        Signature=<SignatureValue>
      Content-Length:
      - '0'
      Accept:
      - "*/*"
  response:
    status:
      code: 200
      message: OK
    headers:
      X-Amz-Id-2:
      - GC2AGqmpQWdwM3B30pkdCUtE/8USDrTLpRM7XClgXdnjBZsdnVJE4uDokReE6R5ZLfrZqfOgVHA=
      X-Amz-Request-Id:
      - 2N2CAA0Y6WZYZJMJ
      Date:
      - Fri, 16 Jul 2021 16:59:36 GMT
      X-Amz-Bucket-Region:
      - us-east-1
      Content-Type:
      - application/xml
      Transfer-Encoding:
      - chunked
      Server:
      - AmazonS3
    body:
      encoding: UTF-8
      string: |-
        <?xml version="1.0" encoding="UTF-8"?>
        <ListBucketResult xmlns="http://s3.amazonaws.com/doc/2006-03-01/"><Name>some_bucket_name_not_a_release</Name><Prefix>rex/releases/alpha/</Prefix><Marker></Marker><MaxKeys>1000</MaxKeys><Delimiter>/</Delimiter><EncodingType>url</EncodingType><IsTruncated>false</IsTruncated><CommonPrefixes><Prefix>rex/releases/alpha/1/</Prefix></CommonPrefixes></ListBucketResult>
    http_version: 
  recorded_at: Fri, 16 Jul 2021 16:59:35 GMT
- request:
    method: get
    uri: https://some_bucket_name_not_a_release.s3.amazonaws.com/rex/releases/alpha/1/rex/release.json
    body:
      encoding: UTF-8
      string: ''
    headers:
      Content-Type:
      - ''
      Accept-Encoding:
      - ''
      User-Agent:
      - aws-sdk-ruby3/3.44.1 ruby/2.6.5 x86_64-darwin19 aws-sdk-s3/1.30.0
      Host:
      - some_bucket_name_not_a_release.s3.amazonaws.com
      X-Amz-Date:
      - 20210716T165935Z
      X-Amz-Security-Token:
      - AWS_SESSION_TOKEN
      X-Amz-Content-Sha256:
      - e3b0c44298fc1c149afbf4c8996fb92427ae41e4649b934ca495991b7852b855
      Authorization:
      - AWS4-HMAC-SHA256 Credential=AWS_ACCESS_KEY_ID/20210716/us-east-1/s3/aws4_request,
        SignedHeaders=host;user-agent;x-amz-content-sha256;x-amz-date;x-amz-security-token,
        Signature=<SignatureValue>
      Content-Length:
      - '0'
      Accept:
      - "*/*"
  response:
    status:
      code: 404
      message: Not Found
    headers:
      X-Amz-Request-Id:
      - 2N23P3VKRF9ETMJR
      X-Amz-Id-2:
      - 8rRt0kJzgND9PeIYzyTxMNUS4lISCN7IBqLzRsuSmuagrA4YPuBbxlMzffqSHN7sbqrFQSrPlaw=
      Content-Type:
      - application/xml
      Transfer-Encoding:
      - chunked
      Date:
      - Fri, 16 Jul 2021 16:59:35 GMT
      Server:
      - AmazonS3
    body:
      encoding: UTF-8
      string: |-
        <?xml version="1.0" encoding="UTF-8"?>
        <Error><Code>NoSuchKey</Code><Message>The specified key does not exist.</Message><Key>rex/releases/alpha/1/rex/release.json</Key><RequestId>2N23P3VKRF9ETMJR</RequestId><HostId>8rRt0kJzgND9PeIYzyTxMNUS4lISCN7IBqLzRsuSmuagrA4YPuBbxlMzffqSHN7sbqrFQSrPlaw=</HostId></Error>
    http_version: 
  recorded_at: Fri, 16 Jul 2021 16:59:35 GMT
- request:
    method: get
    uri: https://some_bucket_name_not_a_release.s3.amazonaws.com/?delimiter=/&encoding-type=url&prefix=rex/releases/alpha/1/
    body:
      encoding: UTF-8
      string: ''
    headers:
      Content-Type:
      - ''
      Accept-Encoding:
      - ''
      User-Agent:
      - aws-sdk-ruby3/3.44.1 ruby/2.6.5 x86_64-darwin19 aws-sdk-s3/1.30.0
      Host:
      - some_bucket_name_not_a_release.s3.amazonaws.com
      X-Amz-Date:
      - 20210716T165935Z
      X-Amz-Security-Token:
      - AWS_SESSION_TOKEN
      X-Amz-Content-Sha256:
      - e3b0c44298fc1c149afbf4c8996fb92427ae41e4649b934ca495991b7852b855
      Authorization:
      - AWS4-HMAC-SHA256 Credential=AWS_ACCESS_KEY_ID/20210716/us-east-1/s3/aws4_request,
        SignedHeaders=host;user-agent;x-amz-content-sha256;x-amz-date;x-amz-security-token,
        Signature=<SignatureValue>
      Content-Length:
      - '0'
      Accept:
      - "*/*"
  response:
    status:
      code: 200
      message: OK
    headers:
      X-Amz-Id-2:
      - ah3VgLMQSzKMFTTTIIntyLMcBad7H9gEdo4KFwCciq7Klah0IqP8JUibbvQ43SdLVI97YdR6jrw=
      X-Amz-Request-Id:
      - 2N20B61VTPQCEVMT
      Date:
      - Fri, 16 Jul 2021 16:59:36 GMT
      X-Amz-Bucket-Region:
      - us-east-1
      Content-Type:
      - application/xml
      Transfer-Encoding:
      - chunked
      Server:
      - AmazonS3
    body:
      encoding: UTF-8
      string: |-
        <?xml version="1.0" encoding="UTF-8"?>
        <ListBucketResult xmlns="http://s3.amazonaws.com/doc/2006-03-01/"><Name>some_bucket_name_not_a_release</Name><Prefix>rex/releases/alpha/1/</Prefix><Marker></Marker><MaxKeys>1000</MaxKeys><Delimiter>/</Delimiter><EncodingType>url</EncodingType><IsTruncated>false</IsTruncated><CommonPrefixes><Prefix>rex/releases/alpha/1/rex/</Prefix></CommonPrefixes></ListBucketResult>
    http_version: 
  recorded_at: Fri, 16 Jul 2021 16:59:35 GMT
- request:
    method: get
    uri: https://some_bucket_name_not_a_release.s3.amazonaws.com/rex/releases/alpha/1/rex/rex/release.json
    body:
      encoding: UTF-8
      string: ''
    headers:
      Content-Type:
      - ''
      Accept-Encoding:
      - ''
      User-Agent:
      - aws-sdk-ruby3/3.44.1 ruby/2.6.5 x86_64-darwin19 aws-sdk-s3/1.30.0
      Host:
      - some_bucket_name_not_a_release.s3.amazonaws.com
      X-Amz-Date:
      - 20210716T165935Z
      X-Amz-Security-Token:
      - AWS_SESSION_TOKEN
      X-Amz-Content-Sha256:
      - e3b0c44298fc1c149afbf4c8996fb92427ae41e4649b934ca495991b7852b855
      Authorization:
      - AWS4-HMAC-SHA256 Credential=AWS_ACCESS_KEY_ID/20210716/us-east-1/s3/aws4_request,
        SignedHeaders=host;user-agent;x-amz-content-sha256;x-amz-date;x-amz-security-token,
        Signature=<SignatureValue>
      Content-Length:
      - '0'
      Accept:
      - "*/*"
  response:
    status:
      code: 404
      message: Not Found
    headers:
      X-Amz-Request-Id:
      - D2TR53ACM288WVBM
      X-Amz-Id-2:
      - 4gqUEPo9Ftsa/osXia3M8sZQLLOYaq4YelBVg/fOJbWHgQ+pjq5vgJcycv13OKDYZCHHYAjVquE=
      Content-Type:
      - application/xml
      Transfer-Encoding:
      - chunked
      Date:
      - Fri, 16 Jul 2021 16:59:35 GMT
      Server:
      - AmazonS3
    body:
      encoding: UTF-8
      string: |-
        <?xml version="1.0" encoding="UTF-8"?>
        <Error><Code>NoSuchKey</Code><Message>The specified key does not exist.</Message><Key>rex/releases/alpha/1/rex/rex/release.json</Key><RequestId>D2TR53ACM288WVBM</RequestId><HostId>4gqUEPo9Ftsa/osXia3M8sZQLLOYaq4YelBVg/fOJbWHgQ+pjq5vgJcycv13OKDYZCHHYAjVquE=</HostId></Error>
    http_version: 
  recorded_at: Fri, 16 Jul 2021 16:59:36 GMT
- request:
    method: get
    uri: https://some_bucket_name_not_a_release.s3.amazonaws.com/?delimiter=/&encoding-type=url&prefix=rex/releases/alpha/1/rex/
    body:
      encoding: UTF-8
      string: ''
    headers:
      Content-Type:
      - ''
      Accept-Encoding:
      - ''
      User-Agent:
      - aws-sdk-ruby3/3.44.1 ruby/2.6.5 x86_64-darwin19 aws-sdk-s3/1.30.0
      Host:
      - some_bucket_name_not_a_release.s3.amazonaws.com
      X-Amz-Date:
      - 20210716T165936Z
      X-Amz-Security-Token:
      - AWS_SESSION_TOKEN
      X-Amz-Content-Sha256:
      - e3b0c44298fc1c149afbf4c8996fb92427ae41e4649b934ca495991b7852b855
      Authorization:
      - AWS4-HMAC-SHA256 Credential=AWS_ACCESS_KEY_ID/20210716/us-east-1/s3/aws4_request,
        SignedHeaders=host;user-agent;x-amz-content-sha256;x-amz-date;x-amz-security-token,
        Signature=<SignatureValue>
      Content-Length:
      - '0'
      Accept:
      - "*/*"
  response:
    status:
      code: 200
      message: OK
    headers:
      X-Amz-Id-2:
      - 4GxZYkg/8CdBVAbpZz2OMd/S0hLmxhfzpJIlsG7TBYE/TkUB0ywSx+YFIVkIVYIy0KTNYCsdIc0=
      X-Amz-Request-Id:
      - D2TZGPFC9ZQZPGP6
      Date:
      - Fri, 16 Jul 2021 16:59:37 GMT
      X-Amz-Bucket-Region:
      - us-east-1
      Content-Type:
      - application/xml
      Transfer-Encoding:
      - chunked
      Server:
      - AmazonS3
    body:
      encoding: UTF-8
      string: |-
        <?xml version="1.0" encoding="UTF-8"?>
        <ListBucketResult xmlns="http://s3.amazonaws.com/doc/2006-03-01/"><Name>some_bucket_name_not_a_release</Name><Prefix>rex/releases/alpha/1/rex/</Prefix><Marker></Marker><MaxKeys>1000</MaxKeys><Delimiter>/</Delimiter><EncodingType>url</EncodingType><IsTruncated>false</IsTruncated><Contents><Key>rex/releases/alpha/1/rex/giraffe.json</Key><LastModified>2021-07-16T16:59:35.000Z</LastModified><ETag>&quot;495d221d01d094995ad94d5f1fdfd63c&quot;</ETag><Size>75</Size><Owner><ID>6e0b5222eaecc8fba4de9d31646cd4b222bfe0630f7eac42fcb3132bdeb18fbc</ID><DisplayName>aws-dev-sandbox</DisplayName></Owner><StorageClass>STANDARD</StorageClass></Contents></ListBucketResult>
    http_version: 
  recorded_at: Fri, 16 Jul 2021 16:59:36 GMT
- request:
    method: get
    uri: https://some_bucket_name_not_a_release.s3.amazonaws.com/?encoding-type=url&versions
    body:
      encoding: UTF-8
      string: ''
    headers:
      Content-Type:
      - ''
      Accept-Encoding:
      - ''
      User-Agent:
      - aws-sdk-ruby3/3.44.1 ruby/2.6.5 x86_64-darwin19 aws-sdk-s3/1.30.0
      Host:
      - some_bucket_name_not_a_release.s3.amazonaws.com
      X-Amz-Date:
      - 20210716T165936Z
      X-Amz-Security-Token:
      - AWS_SESSION_TOKEN
      X-Amz-Content-Sha256:
      - e3b0c44298fc1c149afbf4c8996fb92427ae41e4649b934ca495991b7852b855
      Authorization:
      - AWS4-HMAC-SHA256 Credential=AWS_ACCESS_KEY_ID/20210716/us-east-1/s3/aws4_request,
        SignedHeaders=host;user-agent;x-amz-content-sha256;x-amz-date;x-amz-security-token,
        Signature=<SignatureValue>
      Content-Length:
      - '0'
      Accept:
      - "*/*"
  response:
    status:
      code: 200
      message: OK
    headers:
      X-Amz-Id-2:
      - R1UTSXKOTl4ucA+y45+I9rU3GT93JpiYKMMa6QTygWi5S3Q5Q67o1EgLc9+ufIm0q2gp+ila1PE=
      X-Amz-Request-Id:
      - D2TKGSJ9Q9W45AEK
      Date:
      - Fri, 16 Jul 2021 16:59:37 GMT
      Content-Type:
      - application/xml
      Transfer-Encoding:
      - chunked
      Server:
      - AmazonS3
    body:
      encoding: UTF-8
      string: |-
        <?xml version="1.0" encoding="UTF-8"?>
        <ListVersionsResult xmlns="http://s3.amazonaws.com/doc/2006-03-01/"><Name>some_bucket_name_not_a_release</Name><Prefix></Prefix><KeyMarker></KeyMarker><VersionIdMarker></VersionIdMarker><MaxKeys>1000</MaxKeys><EncodingType>url</EncodingType><IsTruncated>false</IsTruncated><Version><Key>rex/releases/alpha/1/rex/giraffe.json</Key><VersionId>null</VersionId><IsLatest>true</IsLatest><LastModified>2021-07-16T16:59:35.000Z</LastModified><ETag>&quot;495d221d01d094995ad94d5f1fdfd63c&quot;</ETag><Size>75</Size><Owner><ID>6e0b5222eaecc8fba4de9d31646cd4b222bfe0630f7eac42fcb3132bdeb18fbc</ID><DisplayName>aws-dev-sandbox</DisplayName></Owner><StorageClass>STANDARD</StorageClass></Version></ListVersionsResult>
    http_version: 
  recorded_at: Fri, 16 Jul 2021 16:59:36 GMT
- request:
    method: post
    uri: https://some_bucket_name_not_a_release.s3.amazonaws.com/?delete
    body:
      encoding: UTF-8
      string: |
        <Delete xmlns="http://s3.amazonaws.com/doc/2006-03-01/">
          <Object>
            <Key>rex/releases/alpha/1/rex/giraffe.json</Key>
            <VersionId>null</VersionId>
          </Object>
        </Delete>
    headers:
      Content-Type:
      - ''
      Accept-Encoding:
      - ''
      User-Agent:
      - aws-sdk-ruby3/3.44.1 ruby/2.6.5 x86_64-darwin19 aws-sdk-s3/1.30.0
      Expect:
      - 100-continue
      Content-Md5:
      - YZhjNGmAJrBV/oBCSMi2PA==
      Host:
      - some_bucket_name_not_a_release.s3.amazonaws.com
      X-Amz-Date:
      - 20210716T165936Z
      X-Amz-Security-Token:
      - AWS_SESSION_TOKEN
      X-Amz-Content-Sha256:
      - ea25602de1ec34683a849dd20022d4b9809c27e0d800f624bfd3cf5feb501409
      Authorization:
      - AWS4-HMAC-SHA256 Credential=AWS_ACCESS_KEY_ID/20210716/us-east-1/s3/aws4_request,
        SignedHeaders=content-md5;expect;host;user-agent;x-amz-content-sha256;x-amz-date;x-amz-security-token,
        Signature=<SignatureValue>
      Content-Length:
      - '175'
      Accept:
      - "*/*"
  response:
    status:
      code: 200
      message: OK
    headers:
      X-Amz-Id-2:
      - iKC4Ltti8Og7B3yMHYplItnHL1rkcQvMTqVUtIn6YP/d89zWm7gcZbxgDHUb001938dBNhZI9gI=
      X-Amz-Request-Id:
      - D2TG7YTRQV0H9YFQ
      Date:
      - Fri, 16 Jul 2021 16:59:37 GMT
      Content-Type:
      - application/xml
      Transfer-Encoding:
      - chunked
      Server:
      - AmazonS3
      Connection:
      - close
    body:
      encoding: UTF-8
      string: |-
        <?xml version="1.0" encoding="UTF-8"?>
        <DeleteResult xmlns="http://s3.amazonaws.com/doc/2006-03-01/"><Deleted><Key>rex/releases/alpha/1/rex/giraffe.json</Key><VersionId>null</VersionId></Deleted></DeleteResult>
    http_version: 
  recorded_at: Fri, 16 Jul 2021 16:59:37 GMT
- request:
    method: delete
    uri: https://some_bucket_name_not_a_release.s3.amazonaws.com/
    body:
      encoding: UTF-8
      string: ''
    headers:
      Content-Type:
      - ''
      Accept-Encoding:
      - ''
      User-Agent:
      - aws-sdk-ruby3/3.44.1 ruby/2.6.5 x86_64-darwin19 aws-sdk-s3/1.30.0
      Host:
      - some_bucket_name_not_a_release.s3.amazonaws.com
      X-Amz-Date:
      - 20210716T165937Z
      X-Amz-Security-Token:
      - AWS_SESSION_TOKEN
      X-Amz-Content-Sha256:
      - e3b0c44298fc1c149afbf4c8996fb92427ae41e4649b934ca495991b7852b855
      Authorization:
      - AWS4-HMAC-SHA256 Credential=AWS_ACCESS_KEY_ID/20210716/us-east-1/s3/aws4_request,
        SignedHeaders=host;user-agent;x-amz-content-sha256;x-amz-date;x-amz-security-token,
        Signature=<SignatureValue>
      Content-Length:
      - '0'
      Accept:
      - "*/*"
  response:
    status:
      code: 204
      message: No Content
    headers:
      X-Amz-Id-2:
      - ZM9eqe4wrmNQWGpocn1VfqmCjCOlUIzpP/G+p98sMmjE2kTPiCu3vlAG+CzlDsGWHI5qp9MDOao=
      X-Amz-Request-Id:
      - T5KF226AQ5KV1XM6
      Date:
      - Fri, 16 Jul 2021 16:59:38 GMT
      Server:
      - AmazonS3
    body:
      encoding: UTF-8
      string: ''
    http_version: 
  recorded_at: Fri, 16 Jul 2021 16:59:37 GMT
recorded_with: VCR 4.0.0
