---
http_interactions:
- request:
    method: put
    uri: https://some_bucket_name_multiple_releases.s3.amazonaws.com/
    body:
      encoding: UTF-8
      string: ''
    headers:
      Content-Type:
      - ''
      Accept-Encoding:
      - ''
      User-Agent:
      - aws-sdk-ruby3/3.44.1 ruby/2.6.5 x86_64-darwin19 aws-sdk-s3/1.30.0
      Host:
      - some_bucket_name_multiple_releases.s3.amazonaws.com
      X-Amz-Date:
      - 20210716T165927Z
      X-Amz-Security-Token:
      - AWS_SESSION_TOKEN
      X-Amz-Content-Sha256:
      - e3b0c44298fc1c149afbf4c8996fb92427ae41e4649b934ca495991b7852b855
      Authorization:
      - AWS4-HMAC-SHA256 Credential=AWS_ACCESS_KEY_ID/20210716/us-east-1/s3/aws4_request,
        SignedHeaders=host;user-agent;x-amz-content-sha256;x-amz-date;x-amz-security-token,
        Signature=<SignatureValue>
      Content-Length:
      - '0'
      Accept:
      - "*/*"
  response:
    status:
      code: 200
      message: OK
    headers:
      X-Amz-Id-2:
      - j3skWz3LpsaohNuKYfvWJ/Yrx784d1AmTyFYbUZPjI+RNb+RS/sIF3o5z6xC59ZDPDLLPN02mg4=
      X-Amz-Request-Id:
      - FWDFHZDMKBZ3EEG4
      Date:
      - Fri, 16 Jul 2021 16:59:28 GMT
      Location:
      - "/some_bucket_name_multiple_releases"
      Server:
      - AmazonS3
      Content-Length:
      - '0'
    body:
      encoding: UTF-8
      string: ''
    http_version: 
  recorded_at: Fri, 16 Jul 2021 16:59:27 GMT
- request:
    method: put
    uri: https://some_bucket_name_multiple_releases.s3.amazonaws.com/rex/releases/alpha/1/rex/release.json
    body:
      encoding: UTF-8
      string: '{"books":{"uid1":{"defaultVersion":"1.2"},"uid2":{"defaultVersion":"1.1"}}}'
    headers:
      Content-Type:
      - ''
      Accept-Encoding:
      - ''
      User-Agent:
      - aws-sdk-ruby3/3.44.1 ruby/2.6.5 x86_64-darwin19 aws-sdk-s3/1.30.0
      Expect:
      - 100-continue
      Content-Md5:
      - SV0iHQHQlJla2U1fH9/WPA==
      Host:
      - some_bucket_name_multiple_releases.s3.amazonaws.com
      X-Amz-Date:
      - 20210716T165927Z
      X-Amz-Security-Token:
      - AWS_SESSION_TOKEN
      X-Amz-Content-Sha256:
      - 26789e894fe9e1a2350bab23a6605e0225d7adf54e01a875eac8143b0b160ec7
      Authorization:
      - AWS4-HMAC-SHA256 Credential=AWS_ACCESS_KEY_ID/20210716/us-east-1/s3/aws4_request,
        SignedHeaders=content-md5;expect;host;user-agent;x-amz-content-sha256;x-amz-date;x-amz-security-token,
        Signature=<SignatureValue>
      Content-Length:
      - '75'
      Accept:
      - "*/*"
  response:
    status:
      code: 200
      message: OK
    headers:
      X-Amz-Id-2:
      - pNC97LqnPBHK1crwKXKcHy3VBxo5Fnr4LnTb2L/tJTuvB5J3vPAa+ZZnSRdRVKtLxANbbxzUSCQ=
      X-Amz-Request-Id:
      - FWDEA9HTPS79THHH
      Date:
      - Fri, 16 Jul 2021 16:59:28 GMT
      Etag:
      - '"495d221d01d094995ad94d5f1fdfd63c"'
      Server:
      - AmazonS3
      Content-Length:
      - '0'
    body:
      encoding: UTF-8
      string: ''
    http_version: 
  recorded_at: Fri, 16 Jul 2021 16:59:28 GMT
- request:
    method: put
    uri: https://some_bucket_name_multiple_releases.s3.amazonaws.com/rex/releases/beta/foo/2/bar/3/rex/release.json
    body:
      encoding: UTF-8
      string: '{"books":{"uid3":{"defaultVersion":"2.4"}}}'
    headers:
      Content-Type:
      - ''
      Accept-Encoding:
      - ''
      User-Agent:
      - aws-sdk-ruby3/3.44.1 ruby/2.6.5 x86_64-darwin19 aws-sdk-s3/1.30.0
      Expect:
      - 100-continue
      Content-Md5:
      - O8OCJJ5v8g6z5cbxRGMo/Q==
      Host:
      - some_bucket_name_multiple_releases.s3.amazonaws.com
      X-Amz-Date:
      - 20210716T165928Z
      X-Amz-Security-Token:
      - AWS_SESSION_TOKEN
      X-Amz-Content-Sha256:
      - a9dd9c33939f8d7bb7afcb9e305efe73db94e36647ca3395ccd62061df3d2397
      Authorization:
      - AWS4-HMAC-SHA256 Credential=AWS_ACCESS_KEY_ID/20210716/us-east-1/s3/aws4_request,
        SignedHeaders=content-md5;expect;host;user-agent;x-amz-content-sha256;x-amz-date;x-amz-security-token,
        Signature=<SignatureValue>
      Content-Length:
      - '43'
      Accept:
      - "*/*"
  response:
    status:
      code: 200
      message: OK
    headers:
      X-Amz-Id-2:
      - h2ruUC4wBtcFDAtYXvM2ONxsgOnXFmlYE384+/n6eCzr3Dn5Aewwmb4OBs0AlaWnbpytNPmTKsw=
      X-Amz-Request-Id:
      - S2PZCPPMBTYE5SV1
      Date:
      - Fri, 16 Jul 2021 16:59:29 GMT
      Etag:
      - '"3bc382249e6ff20eb3e5c6f1446328fd"'
      Server:
      - AmazonS3
      Content-Length:
      - '0'
    body:
      encoding: UTF-8
      string: ''
    http_version: 
  recorded_at: Fri, 16 Jul 2021 16:59:28 GMT
- request:
    method: get
    uri: https://some_bucket_name_multiple_releases.s3.amazonaws.com/?delimiter=/&encoding-type=url&prefix=rex/releases/
    body:
      encoding: UTF-8
      string: ''
    headers:
      Content-Type:
      - ''
      Accept-Encoding:
      - ''
      User-Agent:
      - aws-sdk-ruby3/3.44.1 ruby/2.6.5 x86_64-darwin19 aws-sdk-s3/1.30.0
      Host:
      - some_bucket_name_multiple_releases.s3.amazonaws.com
      X-Amz-Date:
      - 20210716T165928Z
      X-Amz-Security-Token:
      - AWS_SESSION_TOKEN
      X-Amz-Content-Sha256:
      - e3b0c44298fc1c149afbf4c8996fb92427ae41e4649b934ca495991b7852b855
      Authorization:
      - AWS4-HMAC-SHA256 Credential=AWS_ACCESS_KEY_ID/20210716/us-east-1/s3/aws4_request,
        SignedHeaders=host;user-agent;x-amz-content-sha256;x-amz-date;x-amz-security-token,
        Signature=<SignatureValue>
      Content-Length:
      - '0'
      Accept:
      - "*/*"
  response:
    status:
      code: 200
      message: OK
    headers:
      X-Amz-Id-2:
      - KnUgDhfko2ZTES6bU6VE5XVwNcU1h2M2gFfrp/ItyTMCn6WYFqudvtZ8OX3dxO16zkJzWOaP+GM=
      X-Amz-Request-Id:
      - S2PR28FW07J3F268
      Date:
      - Fri, 16 Jul 2021 16:59:29 GMT
      X-Amz-Bucket-Region:
      - us-east-1
      Content-Type:
      - application/xml
      Transfer-Encoding:
      - chunked
      Server:
      - AmazonS3
    body:
      encoding: UTF-8
      string: |-
        <?xml version="1.0" encoding="UTF-8"?>
        <ListBucketResult xmlns="http://s3.amazonaws.com/doc/2006-03-01/"><Name>some_bucket_name_multiple_releases</Name><Prefix>rex/releases/</Prefix><Marker></Marker><MaxKeys>1000</MaxKeys><Delimiter>/</Delimiter><EncodingType>url</EncodingType><IsTruncated>false</IsTruncated><CommonPrefixes><Prefix>rex/releases/alpha/</Prefix></CommonPrefixes><CommonPrefixes><Prefix>rex/releases/beta/</Prefix></CommonPrefixes></ListBucketResult>
    http_version: 
  recorded_at: Fri, 16 Jul 2021 16:59:28 GMT
- request:
    method: get
    uri: https://some_bucket_name_multiple_releases.s3.amazonaws.com/rex/releases/alpha/rex/release.json
    body:
      encoding: UTF-8
      string: ''
    headers:
      Content-Type:
      - ''
      Accept-Encoding:
      - ''
      User-Agent:
      - aws-sdk-ruby3/3.44.1 ruby/2.6.5 x86_64-darwin19 aws-sdk-s3/1.30.0
      Host:
      - some_bucket_name_multiple_releases.s3.amazonaws.com
      X-Amz-Date:
      - 20210716T165928Z
      X-Amz-Security-Token:
      - AWS_SESSION_TOKEN
      X-Amz-Content-Sha256:
      - e3b0c44298fc1c149afbf4c8996fb92427ae41e4649b934ca495991b7852b855
      Authorization:
      - AWS4-HMAC-SHA256 Credential=AWS_ACCESS_KEY_ID/20210716/us-east-1/s3/aws4_request,
        SignedHeaders=host;user-agent;x-amz-content-sha256;x-amz-date;x-amz-security-token,
        Signature=<SignatureValue>
      Content-Length:
      - '0'
      Accept:
      - "*/*"
  response:
    status:
      code: 404
      message: Not Found
    headers:
      X-Amz-Request-Id:
      - S2PV1Y9M2GPDJJT0
      X-Amz-Id-2:
      - hejrmKyiyv0wo27y0KQxSZvrRtxQigX9WBLbDFJUfrTjSqqFkEzm//Sj49AxwoymrP7HFw6InLE=
      Content-Type:
      - application/xml
      Transfer-Encoding:
      - chunked
      Date:
      - Fri, 16 Jul 2021 16:59:28 GMT
      Server:
      - AmazonS3
    body:
      encoding: UTF-8
      string: |-
        <?xml version="1.0" encoding="UTF-8"?>
        <Error><Code>NoSuchKey</Code><Message>The specified key does not exist.</Message><Key>rex/releases/alpha/rex/release.json</Key><RequestId>S2PV1Y9M2GPDJJT0</RequestId><HostId>hejrmKyiyv0wo27y0KQxSZvrRtxQigX9WBLbDFJUfrTjSqqFkEzm//Sj49AxwoymrP7HFw6InLE=</HostId></Error>
    http_version: 
  recorded_at: Fri, 16 Jul 2021 16:59:28 GMT
- request:
    method: get
    uri: https://some_bucket_name_multiple_releases.s3.amazonaws.com/?delimiter=/&encoding-type=url&prefix=rex/releases/alpha/
    body:
      encoding: UTF-8
      string: ''
    headers:
      Content-Type:
      - ''
      Accept-Encoding:
      - ''
      User-Agent:
      - aws-sdk-ruby3/3.44.1 ruby/2.6.5 x86_64-darwin19 aws-sdk-s3/1.30.0
      Host:
      - some_bucket_name_multiple_releases.s3.amazonaws.com
      X-Amz-Date:
      - 20210716T165928Z
      X-Amz-Security-Token:
      - AWS_SESSION_TOKEN
      X-Amz-Content-Sha256:
      - e3b0c44298fc1c149afbf4c8996fb92427ae41e4649b934ca495991b7852b855
      Authorization:
      - AWS4-HMAC-SHA256 Credential=AWS_ACCESS_KEY_ID/20210716/us-east-1/s3/aws4_request,
        SignedHeaders=host;user-agent;x-amz-content-sha256;x-amz-date;x-amz-security-token,
        Signature=<SignatureValue>
      Content-Length:
      - '0'
      Accept:
      - "*/*"
  response:
    status:
      code: 200
      message: OK
    headers:
      X-Amz-Id-2:
      - p/z8xVc2heubA5d6iMOeUtioBnKnh2Jo09ir557NtWbhmKoJ/LQGOPP9azGQUs3mCY1SpjApQao=
      X-Amz-Request-Id:
      - VC1606T08443AT80
      Date:
      - Fri, 16 Jul 2021 16:59:30 GMT
      X-Amz-Bucket-Region:
      - us-east-1
      Content-Type:
      - application/xml
      Transfer-Encoding:
      - chunked
      Server:
      - AmazonS3
    body:
      encoding: UTF-8
      string: |-
        <?xml version="1.0" encoding="UTF-8"?>
        <ListBucketResult xmlns="http://s3.amazonaws.com/doc/2006-03-01/"><Name>some_bucket_name_multiple_releases</Name><Prefix>rex/releases/alpha/</Prefix><Marker></Marker><MaxKeys>1000</MaxKeys><Delimiter>/</Delimiter><EncodingType>url</EncodingType><IsTruncated>false</IsTruncated><CommonPrefixes><Prefix>rex/releases/alpha/1/</Prefix></CommonPrefixes></ListBucketResult>
    http_version: 
  recorded_at: Fri, 16 Jul 2021 16:59:29 GMT
- request:
    method: get
    uri: https://some_bucket_name_multiple_releases.s3.amazonaws.com/rex/releases/alpha/1/rex/release.json
    body:
      encoding: UTF-8
      string: ''
    headers:
      Content-Type:
      - ''
      Accept-Encoding:
      - ''
      User-Agent:
      - aws-sdk-ruby3/3.44.1 ruby/2.6.5 x86_64-darwin19 aws-sdk-s3/1.30.0
      Host:
      - some_bucket_name_multiple_releases.s3.amazonaws.com
      X-Amz-Date:
      - 20210716T165929Z
      X-Amz-Security-Token:
      - AWS_SESSION_TOKEN
      X-Amz-Content-Sha256:
      - e3b0c44298fc1c149afbf4c8996fb92427ae41e4649b934ca495991b7852b855
      Authorization:
      - AWS4-HMAC-SHA256 Credential=AWS_ACCESS_KEY_ID/20210716/us-east-1/s3/aws4_request,
        SignedHeaders=host;user-agent;x-amz-content-sha256;x-amz-date;x-amz-security-token,
        Signature=<SignatureValue>
      Content-Length:
      - '0'
      Accept:
      - "*/*"
  response:
    status:
      code: 200
      message: OK
    headers:
      X-Amz-Id-2:
      - s8r+7htPw4zWPkAi2II4fdn+BBa1OKUYtfGdca7G3OnwDdhJ5nzDxWKCqgMtq3hJ6qZQ4MZ7h1c=
      X-Amz-Request-Id:
      - VC1C441SQPPZXM84
      Date:
      - Fri, 16 Jul 2021 16:59:30 GMT
      Last-Modified:
      - Fri, 16 Jul 2021 16:59:28 GMT
      Etag:
      - '"495d221d01d094995ad94d5f1fdfd63c"'
      Accept-Ranges:
      - bytes
      Content-Type:
      - ''
      Server:
      - AmazonS3
      Content-Length:
      - '75'
    body:
      encoding: UTF-8
      string: '{"books":{"uid1":{"defaultVersion":"1.2"},"uid2":{"defaultVersion":"1.1"}}}'
    http_version: 
  recorded_at: Fri, 16 Jul 2021 16:59:29 GMT
- request:
    method: get
    uri: https://some_bucket_name_multiple_releases.s3.amazonaws.com/rex/releases/alpha/1/rex/config.json
    body:
      encoding: UTF-8
      string: ''
    headers:
      Content-Type:
      - ''
      Accept-Encoding:
      - ''
      User-Agent:
      - aws-sdk-ruby3/3.44.1 ruby/2.6.5 x86_64-darwin19 aws-sdk-s3/1.30.0
      Host:
      - some_bucket_name_multiple_releases.s3.amazonaws.com
      X-Amz-Date:
      - 20210716T165929Z
      X-Amz-Security-Token:
      - AWS_SESSION_TOKEN
      X-Amz-Content-Sha256:
      - e3b0c44298fc1c149afbf4c8996fb92427ae41e4649b934ca495991b7852b855
      Authorization:
      - AWS4-HMAC-SHA256 Credential=AWS_ACCESS_KEY_ID/20210716/us-east-1/s3/aws4_request,
        SignedHeaders=host;user-agent;x-amz-content-sha256;x-amz-date;x-amz-security-token,
        Signature=<SignatureValue>
      Content-Length:
      - '0'
      Accept:
      - "*/*"
  response:
    status:
      code: 404
      message: Not Found
    headers:
      X-Amz-Request-Id:
      - VC18K5G1VM0Q1FPB
      X-Amz-Id-2:
      - OCeJivjgnWW3OmGYrI4h1mRiAo3rDGPgZ16y9Fp+j53RKOwo/qzLJtzj8P1c6flhJNj8FtMlDuY=
      Content-Type:
      - application/xml
      Transfer-Encoding:
      - chunked
      Date:
      - Fri, 16 Jul 2021 16:59:29 GMT
      Server:
      - AmazonS3
    body:
      encoding: UTF-8
      string: |-
        <?xml version="1.0" encoding="UTF-8"?>
        <Error><Code>NoSuchKey</Code><Message>The specified key does not exist.</Message><Key>rex/releases/alpha/1/rex/config.json</Key><RequestId>VC18K5G1VM0Q1FPB</RequestId><HostId>OCeJivjgnWW3OmGYrI4h1mRiAo3rDGPgZ16y9Fp+j53RKOwo/qzLJtzj8P1c6flhJNj8FtMlDuY=</HostId></Error>
    http_version: 
  recorded_at: Fri, 16 Jul 2021 16:59:29 GMT
- request:
    method: get
    uri: https://some_bucket_name_multiple_releases.s3.amazonaws.com/rex/releases/beta/rex/release.json
    body:
      encoding: UTF-8
      string: ''
    headers:
      Content-Type:
      - ''
      Accept-Encoding:
      - ''
      User-Agent:
      - aws-sdk-ruby3/3.44.1 ruby/2.6.5 x86_64-darwin19 aws-sdk-s3/1.30.0
      Host:
      - some_bucket_name_multiple_releases.s3.amazonaws.com
      X-Amz-Date:
      - 20210716T165929Z
      X-Amz-Security-Token:
      - AWS_SESSION_TOKEN
      X-Amz-Content-Sha256:
      - e3b0c44298fc1c149afbf4c8996fb92427ae41e4649b934ca495991b7852b855
      Authorization:
      - AWS4-HMAC-SHA256 Credential=AWS_ACCESS_KEY_ID/20210716/us-east-1/s3/aws4_request,
        SignedHeaders=host;user-agent;x-amz-content-sha256;x-amz-date;x-amz-security-token,
        Signature=<SignatureValue>
      Content-Length:
      - '0'
      Accept:
      - "*/*"
  response:
    status:
      code: 404
      message: Not Found
    headers:
      X-Amz-Request-Id:
      - 5DT9ZW60Z5HVH31A
      X-Amz-Id-2:
      - dkqfyrk40+f3yWWKXk96Y/XCkUmXmpZWIoO1HJEhclqaAJPw4/+oWSJnVZ8BFdVtgbMk9ZRQENU=
      Content-Type:
      - application/xml
      Transfer-Encoding:
      - chunked
      Date:
      - Fri, 16 Jul 2021 16:59:29 GMT
      Server:
      - AmazonS3
    body:
      encoding: UTF-8
      string: |-
        <?xml version="1.0" encoding="UTF-8"?>
        <Error><Code>NoSuchKey</Code><Message>The specified key does not exist.</Message><Key>rex/releases/beta/rex/release.json</Key><RequestId>5DT9ZW60Z5HVH31A</RequestId><HostId>dkqfyrk40+f3yWWKXk96Y/XCkUmXmpZWIoO1HJEhclqaAJPw4/+oWSJnVZ8BFdVtgbMk9ZRQENU=</HostId></Error>
    http_version: 
  recorded_at: Fri, 16 Jul 2021 16:59:30 GMT
- request:
    method: get
    uri: https://some_bucket_name_multiple_releases.s3.amazonaws.com/?delimiter=/&encoding-type=url&prefix=rex/releases/beta/
    body:
      encoding: UTF-8
      string: ''
    headers:
      Content-Type:
      - ''
      Accept-Encoding:
      - ''
      User-Agent:
      - aws-sdk-ruby3/3.44.1 ruby/2.6.5 x86_64-darwin19 aws-sdk-s3/1.30.0
      Host:
      - some_bucket_name_multiple_releases.s3.amazonaws.com
      X-Amz-Date:
      - 20210716T165930Z
      X-Amz-Security-Token:
      - AWS_SESSION_TOKEN
      X-Amz-Content-Sha256:
      - e3b0c44298fc1c149afbf4c8996fb92427ae41e4649b934ca495991b7852b855
      Authorization:
      - AWS4-HMAC-SHA256 Credential=AWS_ACCESS_KEY_ID/20210716/us-east-1/s3/aws4_request,
        SignedHeaders=host;user-agent;x-amz-content-sha256;x-amz-date;x-amz-security-token,
        Signature=<SignatureValue>
      Content-Length:
      - '0'
      Accept:
      - "*/*"
  response:
    status:
      code: 200
      message: OK
    headers:
      X-Amz-Id-2:
      - llPy7chd72BQSrepUUvcIgF5EFBghJqmmq9VV3C80NN5WjxFtQByfc6hza8zg6YusL6BxW1wJ60=
      X-Amz-Request-Id:
      - 5DT0ETCRDKKHWEPF
      Date:
      - Fri, 16 Jul 2021 16:59:31 GMT
      X-Amz-Bucket-Region:
      - us-east-1
      Content-Type:
      - application/xml
      Transfer-Encoding:
      - chunked
      Server:
      - AmazonS3
    body:
      encoding: UTF-8
      string: |-
        <?xml version="1.0" encoding="UTF-8"?>
        <ListBucketResult xmlns="http://s3.amazonaws.com/doc/2006-03-01/"><Name>some_bucket_name_multiple_releases</Name><Prefix>rex/releases/beta/</Prefix><Marker></Marker><MaxKeys>1000</MaxKeys><Delimiter>/</Delimiter><EncodingType>url</EncodingType><IsTruncated>false</IsTruncated><CommonPrefixes><Prefix>rex/releases/beta/foo/</Prefix></CommonPrefixes></ListBucketResult>
    http_version: 
  recorded_at: Fri, 16 Jul 2021 16:59:30 GMT
- request:
    method: get
    uri: https://some_bucket_name_multiple_releases.s3.amazonaws.com/rex/releases/beta/foo/rex/release.json
    body:
      encoding: UTF-8
      string: ''
    headers:
      Content-Type:
      - ''
      Accept-Encoding:
      - ''
      User-Agent:
      - aws-sdk-ruby3/3.44.1 ruby/2.6.5 x86_64-darwin19 aws-sdk-s3/1.30.0
      Host:
      - some_bucket_name_multiple_releases.s3.amazonaws.com
      X-Amz-Date:
      - 20210716T165930Z
      X-Amz-Security-Token:
      - AWS_SESSION_TOKEN
      X-Amz-Content-Sha256:
      - e3b0c44298fc1c149afbf4c8996fb92427ae41e4649b934ca495991b7852b855
      Authorization:
      - AWS4-HMAC-SHA256 Credential=AWS_ACCESS_KEY_ID/20210716/us-east-1/s3/aws4_request,
        SignedHeaders=host;user-agent;x-amz-content-sha256;x-amz-date;x-amz-security-token,
        Signature=<SignatureValue>
      Content-Length:
      - '0'
      Accept:
      - "*/*"
  response:
    status:
      code: 404
      message: Not Found
    headers:
      X-Amz-Request-Id:
      - 5DT5DEAQY1S3MWTZ
      X-Amz-Id-2:
      - TSXwC7rE3jvWsgjkMv5dLGqPjln0NFa+IF8mKXdjD/WVca1pZggcpzMO7AB5JZHbRJzbNvk9NL0=
      Content-Type:
      - application/xml
      Transfer-Encoding:
      - chunked
      Date:
      - Fri, 16 Jul 2021 16:59:30 GMT
      Server:
      - AmazonS3
    body:
      encoding: UTF-8
      string: |-
        <?xml version="1.0" encoding="UTF-8"?>
        <Error><Code>NoSuchKey</Code><Message>The specified key does not exist.</Message><Key>rex/releases/beta/foo/rex/release.json</Key><RequestId>5DT5DEAQY1S3MWTZ</RequestId><HostId>TSXwC7rE3jvWsgjkMv5dLGqPjln0NFa+IF8mKXdjD/WVca1pZggcpzMO7AB5JZHbRJzbNvk9NL0=</HostId></Error>
    http_version: 
  recorded_at: Fri, 16 Jul 2021 16:59:30 GMT
- request:
    method: get
    uri: https://some_bucket_name_multiple_releases.s3.amazonaws.com/?delimiter=/&encoding-type=url&prefix=rex/releases/beta/foo/
    body:
      encoding: UTF-8
      string: ''
    headers:
      Content-Type:
      - ''
      Accept-Encoding:
      - ''
      User-Agent:
      - aws-sdk-ruby3/3.44.1 ruby/2.6.5 x86_64-darwin19 aws-sdk-s3/1.30.0
      Host:
      - some_bucket_name_multiple_releases.s3.amazonaws.com
      X-Amz-Date:
      - 20210716T165930Z
      X-Amz-Security-Token:
      - AWS_SESSION_TOKEN
      X-Amz-Content-Sha256:
      - e3b0c44298fc1c149afbf4c8996fb92427ae41e4649b934ca495991b7852b855
      Authorization:
      - AWS4-HMAC-SHA256 Credential=AWS_ACCESS_KEY_ID/20210716/us-east-1/s3/aws4_request,
        SignedHeaders=host;user-agent;x-amz-content-sha256;x-amz-date;x-amz-security-token,
        Signature=<SignatureValue>
      Content-Length:
      - '0'
      Accept:
      - "*/*"
  response:
    status:
      code: 200
      message: OK
    headers:
      X-Amz-Id-2:
      - 9pHOgF/q4LDQlciQyZJxUD/f5L3NuokJ9P7ZWALHAEaZg3ItepxzQOWOMmO/QvsOHYAxxVXzjF8=
      X-Amz-Request-Id:
      - 5DT2E4CGN27N8G9K
      Date:
      - Fri, 16 Jul 2021 16:59:31 GMT
      X-Amz-Bucket-Region:
      - us-east-1
      Content-Type:
      - application/xml
      Transfer-Encoding:
      - chunked
      Server:
      - AmazonS3
    body:
      encoding: UTF-8
      string: |-
        <?xml version="1.0" encoding="UTF-8"?>
        <ListBucketResult xmlns="http://s3.amazonaws.com/doc/2006-03-01/"><Name>some_bucket_name_multiple_releases</Name><Prefix>rex/releases/beta/foo/</Prefix><Marker></Marker><MaxKeys>1000</MaxKeys><Delimiter>/</Delimiter><EncodingType>url</EncodingType><IsTruncated>false</IsTruncated><CommonPrefixes><Prefix>rex/releases/beta/foo/2/</Prefix></CommonPrefixes></ListBucketResult>
    http_version: 
  recorded_at: Fri, 16 Jul 2021 16:59:30 GMT
- request:
    method: get
    uri: https://some_bucket_name_multiple_releases.s3.amazonaws.com/rex/releases/beta/foo/2/rex/release.json
    body:
      encoding: UTF-8
      string: ''
    headers:
      Content-Type:
      - ''
      Accept-Encoding:
      - ''
      User-Agent:
      - aws-sdk-ruby3/3.44.1 ruby/2.6.5 x86_64-darwin19 aws-sdk-s3/1.30.0
      Host:
      - some_bucket_name_multiple_releases.s3.amazonaws.com
      X-Amz-Date:
      - 20210716T165930Z
      X-Amz-Security-Token:
      - AWS_SESSION_TOKEN
      X-Amz-Content-Sha256:
      - e3b0c44298fc1c149afbf4c8996fb92427ae41e4649b934ca495991b7852b855
      Authorization:
      - AWS4-HMAC-SHA256 Credential=AWS_ACCESS_KEY_ID/20210716/us-east-1/s3/aws4_request,
        SignedHeaders=host;user-agent;x-amz-content-sha256;x-amz-date;x-amz-security-token,
        Signature=<SignatureValue>
      Content-Length:
      - '0'
      Accept:
      - "*/*"
  response:
    status:
      code: 404
      message: Not Found
    headers:
      X-Amz-Request-Id:
      - 82BKWN4VE6CFPNAJ
      X-Amz-Id-2:
      - PZTuIR/VgH2DdbwXMn2j7dcmUlhOqJJ6Wghlz/EcEex1rznUlIJQ3mJgfMmLFFvgJDhxK3iulj0=
      Content-Type:
      - application/xml
      Transfer-Encoding:
      - chunked
      Date:
      - Fri, 16 Jul 2021 16:59:31 GMT
      Server:
      - AmazonS3
    body:
      encoding: UTF-8
      string: |-
        <?xml version="1.0" encoding="UTF-8"?>
        <Error><Code>NoSuchKey</Code><Message>The specified key does not exist.</Message><Key>rex/releases/beta/foo/2/rex/release.json</Key><RequestId>82BKWN4VE6CFPNAJ</RequestId><HostId>PZTuIR/VgH2DdbwXMn2j7dcmUlhOqJJ6Wghlz/EcEex1rznUlIJQ3mJgfMmLFFvgJDhxK3iulj0=</HostId></Error>
    http_version: 
  recorded_at: Fri, 16 Jul 2021 16:59:31 GMT
- request:
    method: get
    uri: https://some_bucket_name_multiple_releases.s3.amazonaws.com/?delimiter=/&encoding-type=url&prefix=rex/releases/beta/foo/2/
    body:
      encoding: UTF-8
      string: ''
    headers:
      Content-Type:
      - ''
      Accept-Encoding:
      - ''
      User-Agent:
      - aws-sdk-ruby3/3.44.1 ruby/2.6.5 x86_64-darwin19 aws-sdk-s3/1.30.0
      Host:
      - some_bucket_name_multiple_releases.s3.amazonaws.com
      X-Amz-Date:
      - 20210716T165931Z
      X-Amz-Security-Token:
      - AWS_SESSION_TOKEN
      X-Amz-Content-Sha256:
      - e3b0c44298fc1c149afbf4c8996fb92427ae41e4649b934ca495991b7852b855
      Authorization:
      - AWS4-HMAC-SHA256 Credential=AWS_ACCESS_KEY_ID/20210716/us-east-1/s3/aws4_request,
        SignedHeaders=host;user-agent;x-amz-content-sha256;x-amz-date;x-amz-security-token,
        Signature=<SignatureValue>
      Content-Length:
      - '0'
      Accept:
      - "*/*"
  response:
    status:
      code: 200
      message: OK
    headers:
      X-Amz-Id-2:
      - g1MPlkdX0ORMoUisdSiPc+/9GFequbeowbVrqm62yplYGxGrxN8vvzGdLb8RGn8f32CTo/5APqo=
      X-Amz-Request-Id:
      - 82BNDFGK4QDWN8FV
      Date:
      - Fri, 16 Jul 2021 16:59:32 GMT
      X-Amz-Bucket-Region:
      - us-east-1
      Content-Type:
      - application/xml
      Transfer-Encoding:
      - chunked
      Server:
      - AmazonS3
    body:
      encoding: UTF-8
      string: |-
        <?xml version="1.0" encoding="UTF-8"?>
        <ListBucketResult xmlns="http://s3.amazonaws.com/doc/2006-03-01/"><Name>some_bucket_name_multiple_releases</Name><Prefix>rex/releases/beta/foo/2/</Prefix><Marker></Marker><MaxKeys>1000</MaxKeys><Delimiter>/</Delimiter><EncodingType>url</EncodingType><IsTruncated>false</IsTruncated><CommonPrefixes><Prefix>rex/releases/beta/foo/2/bar/</Prefix></CommonPrefixes></ListBucketResult>
    http_version: 
  recorded_at: Fri, 16 Jul 2021 16:59:31 GMT
- request:
    method: get
    uri: https://some_bucket_name_multiple_releases.s3.amazonaws.com/rex/releases/beta/foo/2/bar/rex/release.json
    body:
      encoding: UTF-8
      string: ''
    headers:
      Content-Type:
      - ''
      Accept-Encoding:
      - ''
      User-Agent:
      - aws-sdk-ruby3/3.44.1 ruby/2.6.5 x86_64-darwin19 aws-sdk-s3/1.30.0
      Host:
      - some_bucket_name_multiple_releases.s3.amazonaws.com
      X-Amz-Date:
      - 20210716T165931Z
      X-Amz-Security-Token:
      - AWS_SESSION_TOKEN
      X-Amz-Content-Sha256:
      - e3b0c44298fc1c149afbf4c8996fb92427ae41e4649b934ca495991b7852b855
      Authorization:
      - AWS4-HMAC-SHA256 Credential=AWS_ACCESS_KEY_ID/20210716/us-east-1/s3/aws4_request,
        SignedHeaders=host;user-agent;x-amz-content-sha256;x-amz-date;x-amz-security-token,
        Signature=<SignatureValue>
      Content-Length:
      - '0'
      Accept:
      - "*/*"
  response:
    status:
      code: 404
      message: Not Found
    headers:
      X-Amz-Request-Id:
      - 82BKX50WEJP9T0P1
      X-Amz-Id-2:
      - YcWX2qJblpeWCWXcHsQKg7Z+QSB+0BGZbMEOH2jUuQxFB4ttgVj5y8ZPn49d/EOemsinRTHBps4=
      Content-Type:
      - application/xml
      Transfer-Encoding:
      - chunked
      Date:
      - Fri, 16 Jul 2021 16:59:31 GMT
      Server:
      - AmazonS3
    body:
      encoding: UTF-8
      string: |-
        <?xml version="1.0" encoding="UTF-8"?>
        <Error><Code>NoSuchKey</Code><Message>The specified key does not exist.</Message><Key>rex/releases/beta/foo/2/bar/rex/release.json</Key><RequestId>82BKX50WEJP9T0P1</RequestId><HostId>YcWX2qJblpeWCWXcHsQKg7Z+QSB+0BGZbMEOH2jUuQxFB4ttgVj5y8ZPn49d/EOemsinRTHBps4=</HostId></Error>
    http_version: 
  recorded_at: Fri, 16 Jul 2021 16:59:31 GMT
- request:
    method: get
    uri: https://some_bucket_name_multiple_releases.s3.amazonaws.com/?delimiter=/&encoding-type=url&prefix=rex/releases/beta/foo/2/bar/
    body:
      encoding: UTF-8
      string: ''
    headers:
      Content-Type:
      - ''
      Accept-Encoding:
      - ''
      User-Agent:
      - aws-sdk-ruby3/3.44.1 ruby/2.6.5 x86_64-darwin19 aws-sdk-s3/1.30.0
      Host:
      - some_bucket_name_multiple_releases.s3.amazonaws.com
      X-Amz-Date:
      - 20210716T165931Z
      X-Amz-Security-Token:
      - AWS_SESSION_TOKEN
      X-Amz-Content-Sha256:
      - e3b0c44298fc1c149afbf4c8996fb92427ae41e4649b934ca495991b7852b855
      Authorization:
      - AWS4-HMAC-SHA256 Credential=AWS_ACCESS_KEY_ID/20210716/us-east-1/s3/aws4_request,
        SignedHeaders=host;user-agent;x-amz-content-sha256;x-amz-date;x-amz-security-token,
        Signature=<SignatureValue>
      Content-Length:
      - '0'
      Accept:
      - "*/*"
  response:
    status:
      code: 200
      message: OK
    headers:
      X-Amz-Id-2:
      - gTlfeOsoeK2YZD2Q5h2kaERy2e5uLdhlpxd5vZVRQAyAD5IY1jxoWusfGgZVL88q9v/tNLAxSKU=
      X-Amz-Request-Id:
      - 82BQJVQMY6RCF476
      Date:
      - Fri, 16 Jul 2021 16:59:32 GMT
      X-Amz-Bucket-Region:
      - us-east-1
      Content-Type:
      - application/xml
      Transfer-Encoding:
      - chunked
      Server:
      - AmazonS3
    body:
      encoding: UTF-8
      string: |-
        <?xml version="1.0" encoding="UTF-8"?>
        <ListBucketResult xmlns="http://s3.amazonaws.com/doc/2006-03-01/"><Name>some_bucket_name_multiple_releases</Name><Prefix>rex/releases/beta/foo/2/bar/</Prefix><Marker></Marker><MaxKeys>1000</MaxKeys><Delimiter>/</Delimiter><EncodingType>url</EncodingType><IsTruncated>false</IsTruncated><CommonPrefixes><Prefix>rex/releases/beta/foo/2/bar/3/</Prefix></CommonPrefixes></ListBucketResult>
    http_version: 
  recorded_at: Fri, 16 Jul 2021 16:59:32 GMT
- request:
    method: get
    uri: https://some_bucket_name_multiple_releases.s3.amazonaws.com/rex/releases/beta/foo/2/bar/3/rex/release.json
    body:
      encoding: UTF-8
      string: ''
    headers:
      Content-Type:
      - ''
      Accept-Encoding:
      - ''
      User-Agent:
      - aws-sdk-ruby3/3.44.1 ruby/2.6.5 x86_64-darwin19 aws-sdk-s3/1.30.0
      Host:
      - some_bucket_name_multiple_releases.s3.amazonaws.com
      X-Amz-Date:
      - 20210716T165932Z
      X-Amz-Security-Token:
      - AWS_SESSION_TOKEN
      X-Amz-Content-Sha256:
      - e3b0c44298fc1c149afbf4c8996fb92427ae41e4649b934ca495991b7852b855
      Authorization:
      - AWS4-HMAC-SHA256 Credential=AWS_ACCESS_KEY_ID/20210716/us-east-1/s3/aws4_request,
        SignedHeaders=host;user-agent;x-amz-content-sha256;x-amz-date;x-amz-security-token,
        Signature=<SignatureValue>
      Content-Length:
      - '0'
      Accept:
      - "*/*"
  response:
    status:
      code: 200
      message: OK
    headers:
      X-Amz-Id-2:
      - OiBZcFkASH/RFzwR50MkFj4XmTHvDVQWJjCcB1bAoeXeXdDgAP1JbTQqTCwSsbi99zeV2+2v16I=
      X-Amz-Request-Id:
      - S4EZ9SEBX5ZVHMY1
      Date:
      - Fri, 16 Jul 2021 16:59:33 GMT
      Last-Modified:
      - Fri, 16 Jul 2021 16:59:29 GMT
      Etag:
      - '"3bc382249e6ff20eb3e5c6f1446328fd"'
      Accept-Ranges:
      - bytes
      Content-Type:
      - ''
      Server:
      - AmazonS3
      Content-Length:
      - '43'
    body:
      encoding: UTF-8
      string: '{"books":{"uid3":{"defaultVersion":"2.4"}}}'
    http_version: 
  recorded_at: Fri, 16 Jul 2021 16:59:32 GMT
- request:
    method: get
    uri: https://some_bucket_name_multiple_releases.s3.amazonaws.com/rex/releases/beta/foo/2/bar/3/rex/config.json
    body:
      encoding: UTF-8
      string: ''
    headers:
      Content-Type:
      - ''
      Accept-Encoding:
      - ''
      User-Agent:
      - aws-sdk-ruby3/3.44.1 ruby/2.6.5 x86_64-darwin19 aws-sdk-s3/1.30.0
      Host:
      - some_bucket_name_multiple_releases.s3.amazonaws.com
      X-Amz-Date:
      - 20210716T165932Z
      X-Amz-Security-Token:
      - AWS_SESSION_TOKEN
      X-Amz-Content-Sha256:
      - e3b0c44298fc1c149afbf4c8996fb92427ae41e4649b934ca495991b7852b855
      Authorization:
      - AWS4-HMAC-SHA256 Credential=AWS_ACCESS_KEY_ID/20210716/us-east-1/s3/aws4_request,
        SignedHeaders=host;user-agent;x-amz-content-sha256;x-amz-date;x-amz-security-token,
        Signature=<SignatureValue>
      Content-Length:
      - '0'
      Accept:
      - "*/*"
  response:
    status:
      code: 404
      message: Not Found
    headers:
      X-Amz-Request-Id:
      - S4EWC9ZTXR34PNX4
      X-Amz-Id-2:
      - f/Cf7ox1zQ4jH6dpxZY+D8uYtaPzDQykc8JPg352JV1eiaSslLo+9cKK/OuShApGjV5gersH8Ns=
      Content-Type:
      - application/xml
      Transfer-Encoding:
      - chunked
      Date:
      - Fri, 16 Jul 2021 16:59:32 GMT
      Server:
      - AmazonS3
    body:
      encoding: UTF-8
      string: |-
        <?xml version="1.0" encoding="UTF-8"?>
        <Error><Code>NoSuchKey</Code><Message>The specified key does not exist.</Message><Key>rex/releases/beta/foo/2/bar/3/rex/config.json</Key><RequestId>S4EWC9ZTXR34PNX4</RequestId><HostId>f/Cf7ox1zQ4jH6dpxZY+D8uYtaPzDQykc8JPg352JV1eiaSslLo+9cKK/OuShApGjV5gersH8Ns=</HostId></Error>
    http_version: 
  recorded_at: Fri, 16 Jul 2021 16:59:32 GMT
- request:
    method: get
    uri: https://some_bucket_name_multiple_releases.s3.amazonaws.com/?encoding-type=url&versions
    body:
      encoding: UTF-8
      string: ''
    headers:
      Content-Type:
      - ''
      Accept-Encoding:
      - ''
      User-Agent:
      - aws-sdk-ruby3/3.44.1 ruby/2.6.5 x86_64-darwin19 aws-sdk-s3/1.30.0
      Host:
      - some_bucket_name_multiple_releases.s3.amazonaws.com
      X-Amz-Date:
      - 20210716T165932Z
      X-Amz-Security-Token:
      - AWS_SESSION_TOKEN
      X-Amz-Content-Sha256:
      - e3b0c44298fc1c149afbf4c8996fb92427ae41e4649b934ca495991b7852b855
      Authorization:
      - AWS4-HMAC-SHA256 Credential=AWS_ACCESS_KEY_ID/20210716/us-east-1/s3/aws4_request,
        SignedHeaders=host;user-agent;x-amz-content-sha256;x-amz-date;x-amz-security-token,
        Signature=<SignatureValue>
      Content-Length:
      - '0'
      Accept:
      - "*/*"
  response:
    status:
      code: 200
      message: OK
    headers:
      X-Amz-Id-2:
      - rg8IBdisdDjCnEGutfdSWB2XSrUT3G4cMTwet7h9kvhu0xUDmYwVnUk28Gtkco/dhkAnWMs4lnA=
      X-Amz-Request-Id:
      - S4EZX1TEVTSS71J1
      Date:
      - Fri, 16 Jul 2021 16:59:33 GMT
      Content-Type:
      - application/xml
      Transfer-Encoding:
      - chunked
      Server:
      - AmazonS3
    body:
      encoding: UTF-8
      string: |-
        <?xml version="1.0" encoding="UTF-8"?>
        <ListVersionsResult xmlns="http://s3.amazonaws.com/doc/2006-03-01/"><Name>some_bucket_name_multiple_releases</Name><Prefix></Prefix><KeyMarker></KeyMarker><VersionIdMarker></VersionIdMarker><MaxKeys>1000</MaxKeys><EncodingType>url</EncodingType><IsTruncated>false</IsTruncated><Version><Key>rex/releases/alpha/1/rex/release.json</Key><VersionId>null</VersionId><IsLatest>true</IsLatest><LastModified>2021-07-16T16:59:28.000Z</LastModified><ETag>&quot;495d221d01d094995ad94d5f1fdfd63c&quot;</ETag><Size>75</Size><Owner><ID>6e0b5222eaecc8fba4de9d31646cd4b222bfe0630f7eac42fcb3132bdeb18fbc</ID><DisplayName>aws-dev-sandbox</DisplayName></Owner><StorageClass>STANDARD</StorageClass></Version><Version><Key>rex/releases/beta/foo/2/bar/3/rex/release.json</Key><VersionId>null</VersionId><IsLatest>true</IsLatest><LastModified>2021-07-16T16:59:29.000Z</LastModified><ETag>&quot;3bc382249e6ff20eb3e5c6f1446328fd&quot;</ETag><Size>43</Size><Owner><ID>6e0b5222eaecc8fba4de9d31646cd4b222bfe0630f7eac42fcb3132bdeb18fbc</ID><DisplayName>aws-dev-sandbox</DisplayName></Owner><StorageClass>STANDARD</StorageClass></Version></ListVersionsResult>
    http_version: 
  recorded_at: Fri, 16 Jul 2021 16:59:32 GMT
- request:
    method: post
    uri: https://some_bucket_name_multiple_releases.s3.amazonaws.com/?delete
    body:
      encoding: UTF-8
      string: |
        <Delete xmlns="http://s3.amazonaws.com/doc/2006-03-01/">
          <Object>
            <Key>rex/releases/alpha/1/rex/release.json</Key>
            <VersionId>null</VersionId>
          </Object>
          <Object>
            <Key>rex/releases/beta/foo/2/bar/3/rex/release.json</Key>
            <VersionId>null</VersionId>
          </Object>
        </Delete>
    headers:
      Content-Type:
      - ''
      Accept-Encoding:
      - ''
      User-Agent:
      - aws-sdk-ruby3/3.44.1 ruby/2.6.5 x86_64-darwin19 aws-sdk-s3/1.30.0
      Expect:
      - 100-continue
      Content-Md5:
      - 03LfhXmf/98npGCRbEokMw==
      Host:
      - some_bucket_name_multiple_releases.s3.amazonaws.com
      X-Amz-Date:
      - 20210716T165932Z
      X-Amz-Security-Token:
      - AWS_SESSION_TOKEN
      X-Amz-Content-Sha256:
      - 0b478969b8e7a033c3737ed6adbc6434a13f462bed4ac10a8fe6779ca397c72b
      Authorization:
      - AWS4-HMAC-SHA256 Credential=AWS_ACCESS_KEY_ID/20210716/us-east-1/s3/aws4_request,
        SignedHeaders=content-md5;expect;host;user-agent;x-amz-content-sha256;x-amz-date;x-amz-security-token,
        Signature=<SignatureValue>
      Content-Length:
      - '292'
      Accept:
      - "*/*"
  response:
    status:
      code: 200
      message: OK
    headers:
      X-Amz-Id-2:
      - 4ZnPDs3kLMdFcx7A6Y6u1zRYOzz+ukPhAqdrM44X0azq8r4FHv8DA/rUiXgF802FCH6njg1qohU=
      X-Amz-Request-Id:
      - 7N42EY4Q8DFBAV0G
      Date:
      - Fri, 16 Jul 2021 16:59:34 GMT
      Content-Type:
      - application/xml
      Transfer-Encoding:
      - chunked
      Server:
      - AmazonS3
      Connection:
      - close
    body:
      encoding: UTF-8
      string: |-
        <?xml version="1.0" encoding="UTF-8"?>
        <DeleteResult xmlns="http://s3.amazonaws.com/doc/2006-03-01/"><Deleted><Key>rex/releases/alpha/1/rex/release.json</Key><VersionId>null</VersionId></Deleted><Deleted><Key>rex/releases/beta/foo/2/bar/3/rex/release.json</Key><VersionId>null</VersionId></Deleted></DeleteResult>
    http_version: 
  recorded_at: Fri, 16 Jul 2021 16:59:33 GMT
- request:
    method: delete
    uri: https://some_bucket_name_multiple_releases.s3.amazonaws.com/
    body:
      encoding: UTF-8
      string: ''
    headers:
      Content-Type:
      - ''
      Accept-Encoding:
      - ''
      User-Agent:
      - aws-sdk-ruby3/3.44.1 ruby/2.6.5 x86_64-darwin19 aws-sdk-s3/1.30.0
      Host:
      - some_bucket_name_multiple_releases.s3.amazonaws.com
      X-Amz-Date:
      - 20210716T165933Z
      X-Amz-Security-Token:
      - AWS_SESSION_TOKEN
      X-Amz-Content-Sha256:
      - e3b0c44298fc1c149afbf4c8996fb92427ae41e4649b934ca495991b7852b855
      Authorization:
      - AWS4-HMAC-SHA256 Credential=AWS_ACCESS_KEY_ID/20210716/us-east-1/s3/aws4_request,
        SignedHeaders=host;user-agent;x-amz-content-sha256;x-amz-date;x-amz-security-token,
        Signature=<SignatureValue>
      Content-Length:
      - '0'
      Accept:
      - "*/*"
  response:
    status:
      code: 204
      message: No Content
    headers:
      X-Amz-Id-2:
      - GUwet8RHeNWp/sCC97X61gL9yhKZd2a11kRJTIHsGZQfFqXq6T6kCMhNNbIGRRU26MM7jJGvMt8=
      X-Amz-Request-Id:
      - 7N4896FHB6DJC7HH
      Date:
      - Fri, 16 Jul 2021 16:59:34 GMT
      Server:
      - AmazonS3
    body:
      encoding: UTF-8
      string: ''
    http_version: 
  recorded_at: Fri, 16 Jul 2021 16:59:33 GMT
recorded_with: VCR 4.0.0
